{
  "version": "1.5.0",
  "libraries": {
    "@o3r/my-lib": "2.0"
  }
}
